Working Directory
Terminal
git config --global user.name "nazmusweb"
git config --global user.email "nazmusweb@gmail.com"

What Git Knows
Explanation
Git now knows who the user is:
user.name = "nazmusweb"
user.email = "nazmusweb@gmaiil.com"

Demo:
WYDLIS$ git config --global user.name "nazmusweb"
WYDLIS$ git config --global user.email "nazmusweb@gmail.com"
WYDLIS$ git config --list
user.email=nazmusweb@gmail.com
user.name=nazmusweb
credential.helper=cache

Creating experimental folder
WYDLIS$ mkdir Cats
Changing directory
WYDLIS$ cd Cats

Initializing this folder as a new Git Repository
Cats$ git init
Initialized empty Git Repository in /mnt/c/User/Nazmus/Desktop/WYDLIS/CATS/.git/

Working Directory
Terminal
touch index.html
git status

What Git Knows
Explanation
A file in "Cats" folder, called "index.html" exits, but we haven't asked Git to track index.html yet.

Demo:
Create a new empty file called index.html
Cats$ touch index.html
Checking the status to see what Git knows about our current file or repository
Cats$ git status
On branch master

Initial commit

Untracked files:
    (use "git add <file>..." to include in what will be committed)

        index.html

nothing added to commit but untracked files present (use "git add" to track)

Cats$ git add .

Cats$ git status
On branch master

Initial commit

Changes to be committed:
    (use "git rm -- cached <file>..." to unstage)

        new file:   index.html

Cats$ git commit index.html -m "Create an empty index.html file"
[master (root-commit) dd44ced] Create an empty index.html file
 1 file changed, 0 insertions(+), 0 deletetions(-)
 create mode 100644 index.html
Cats$ code index.html
Cats$ git status
On branch master
Changes not staged for commit:
    (use "git add <file>..." to update what will be committed)
    (use "git checkout -- <file>..." to discard changes in working directory)

        modified: index.html
    
no changes added to commit (use "git add" and/or "git commit -a")
Cats$ git commit -a -m "Add a heading to index.html"
[master 085ac1c] Add a heading to index.html
 1 file changed, 1 insertion(+)
Cats$ git log --oneline
085ac1c Add a heading to index.html
dd44ced Create an empty index.html file
Cats$ code index.html
Cats$ git status
On branch master
Changes not staged for commit:
    (use "git add <file>..." to update what will be committed)
    (use "git checkout -- <file>..." to discard changes in working directory)

        modified: index.html
    
no changes added to commit (use "git add" and/or "git commit -a")
Cats$ git diff
.........some code.........
Cats$ git commit -m "Add HTML boilerplate to index.html" index.html
[master 21fbafb] Add HTML boilerplate to index.html
 1 file changed, 12 insertions(+), 1 deletetions(-)
Cats$ code .gitingnore
Cats$ code index.html
Cats$ git status
On branch master
Changes not staged for commit:
    (use "git add <file>..." to update what will be committed)
    (use "git checkout -- <file>..." to discard changes in working directory)

        modified: index.html

Untracked files:
    (use "git add <file>..." to include in what will be committed)

        .gitingnore

no changes added to commit (use "git add" and/or "git commit -a")
Cats$ git add -A
Cats$ git commit -am "Make small wording changes; ignore editor backups"
[master 0d70ff9] Make small wording change; ignore edit or backups
 2 files changed, 4 insertions(+), 2 deletetions(-)
 create mode 100644 .gitingnore
Cats$ mkdir CSS
Cats$ touch CSS/.git-keep
Cats$ git add CSS
Cats$ code index.html
Cats$ cd CSS
CSS$ ls
site.css
CSS$ cd ..
Cats$ git status
On branch master
Changes to be commited:
    (use "git reset HEAD <file>..." to unstage)

        new file: CSS/.git-ignore

Changes not staged for commit:
    (use "git add <file>..." to update what will be committed)
    (use "git checkout -- <file>..." to discard changes in working directory)

        deleted:  CSS/.git-ignore
        modified: index.html

Untracked files:
    (use "git add <file>..." to include in what will be committed)

        CSS/site.css

Cats$ git add .
Cats$ git commit -am "Add a simple stylesheet"
[master 1e7315f] Add a simple stylesheet
 2 files changed, 3 insertions(+)
 created mode 100644 CSS/site.css
Cats$ git log --oneline
1e7315f Add a simple stylesheet
0d70ff9 Make small woring change; ignore editor backups
32fbafb Add HTML boilerplate to index.html
085ac1c Add a heading to index.html
dd44ced Create an empty index.html file
Cats$ code CSS/site.css
Cats$ git commit --amend --no-edit
[master 87105b0] Add a simple stylesheet
 Date: Thu Feb 4 19:18:28 2021 -0800
 2 files changed, 3 insertions(+)
 created mode 100644 CSS/site.css
Cats$ git log --oneline
1e7315f Add a simple stylesheet
0d70ff9 Make small woring change; ignore editor backups
32fbafb Add HTML boilerplate to index.html
085ac1c Add a heading to index.html
dd44ced Create an empty index.html file
Cats$ ls
CSS index.html
Cats$ rm index.html
Cats$ ls
CSS
Cats$ git checkout -- index.html
Cats$ ls
CSS index.html
Cats$ git rm index.html
rm 'index.html'
Cats$ ls
CSS
Cats$ git checkout -- index.html
error: pathspec 'index.html did not match any file(s) known to git.
Cats$ git reset HEAD index.html
Unstaged changes after reset:
M   CSS/site.css
D   index.html
Cats$ ls
CSS
Cats$ git checkout -- index.html
Cats$ ls
CSS index.html
Cats$ code CSS/site.css
Cats$ git commit -am "Erasing the contents of the stylesheet"


[master 024ff86] Erasing the contents of the stylesheet
 1 file changed, 2 deletetions(-)
Cats$ git log --oneline
024ff86 Erasing the contents of the  stylesheet
87105b0 Add a simple stylesheet
0d70ff9 Make small woring change; ignore editor backups
32fbafb Add HTML boilerplate to index.html
085ac1c Add a heading to index.html
dd44ced Create an empty index.html file
Cats$ git reset --head HEAD^
HEAD is now at 87105b0 Add a simple stylesheet
Cats$ code CSS/site.css
Cats$ code index.html
Cats$ git commit -am "Modifying index.html to include dogs - BIG MISTAKE"
[master 3aecedb] Modifying index.html to include dogs - BIG MISTAKE
 2 files changed, 2 insertions(+), 2 deletetions(-)
Cats$ git revert --no-edit HEAD
[master 37d5f88] Revert "Modifying index.html to include dogs - BIG MISTAKE"
 2 files changed, 2 insertions(+), 2 deletetions(-)
Cats$ git log --oneline
37d5f88 Revert "Modifying index.html to include dogs - BIG MISTAKE"
3aecedb Modifying index.html to incldue dogs - BIG MISTAKE
87105b0 Add a simple stylesheet
0d70ff9 Make small woring change; ignore editor backups
32fbafb Add HTML boilerplate to index.html
085ac1c Add a heading to index.html
dd44ced Create an empty index.html file
Cats$ code index.html
Cats$ git commit -am "Modifying index.html to include birds"
[master 4e40438] "Modifying index.html to include birds 
 1 file changed, 1 insertion(+), 1 deletions(-)
Cats$ git commit -am "Modifying index.html to include fish"
[master c511714] "Modifying index.html to include fish 
 1 file changed, 1 insertion(+), 0 deletions(-)
Cats$ git log --oneline
c511714 Modifying index.html to include fish
4e40438 Modifying index.html to include birds
37d5f88 Revert "Modifying index.html to include dogs - BIG MISTAKE"
3aecedb Modifying index.html to incldue dogs - BIG MISTAKE
87105b0 Add a simple stylesheet
0d70ff9 Make small woring change; ignore editor backups
32fbafb Add HTML boilerplate to index.html
085ac1c Add a heading to index.html
dd44ced Create an empty index.html file
Cats$ git checkout 37d5f88 .
Cats$ git log --oneline
c511714 Modifying index.html to include fish
4e40438 Modifying index.html to include birds
37d5f88 Revert "Modifying index.html to include dogs - BIG MISTAKE"
3aecedb Modifying index.html to incldue dogs - BIG MISTAKE
87105b0 Add a simple stylesheet
0d70ff9 Make small woring change; ignore editor backups
32fbafb Add HTML boilerplate to index.html
085ac1c Add a heading to index.html
dd44ced Create an empty index.html file
Cats$ code index.html
Cats$ git commit -am "Reverting back to only have cats in index.html"
[master 37ce323] Reverting back to only have cats in index.html
 1 file changed, 1 insertion(+), 1 deletion(-)
